---
source: src/output/human/mod.rs
expression: s
---
  grip  ·  pcap analysis  capture.pcap ──────────────────────────────────────────────────────────

  summary ──────────────────────────────────────────────────────────────────────────────────────────
    clients          3
    handshakes       31

      source          ja4                                    client         seen
  ──────────────────────────────────────────────────────────────────────────────────────────────────
   1  192.168.1.5     t13d1516h2_8daaf6152771_02713d6af862   Chromium Brow… ▰▰▰▰▰▰▰▰▰▰   23
   2  10.0.0.42       t10d1200h_c013c014c00a_a2a4a5a6a7a8    unclassified   ▰▰▱▱▱▱▱▱▱▱    6
   3  10.0.0.7        t13d1305h2_bda08f0cbb17_c83d862dc2aa   —              ▰▱▱▱▱▱▱▱▱▱    2

  ◆  3 unique fingerprints
